// Jest Snapshot v1, https://goo.gl/fbAQLP

exports[`Home snapshot 1`] = `
<View
  accessibilityIgnoresInvertColors={true}
  style={
    Array [
      Object {
        "height": "100%",
        "width": "100%",
      },
    ]
  }
>
  <Image
    source={
      Object {
        "testUri": "../../../src/statics/images/background.jpg",
      }
    }
    style={
      Array [
        Object {
          "bottom": 0,
          "left": 0,
          "position": "absolute",
          "right": 0,
          "top": 0,
        },
        Object {
          "height": undefined,
          "width": undefined,
        },
        undefined,
      ]
    }
  />
  <RCTScrollView
    data={Array []}
    disableVirtualization={false}
    getItem={[Function]}
    getItemCount={[Function]}
    horizontal={false}
    initialNumToRender={10}
    keyExtractor={[Function]}
    maxToRenderPerBatch={10}
    numColumns={2}
    onContentSizeChange={[Function]}
    onEndReached={[Function]}
    onEndReachedThreshold={0.5}
    onEndThreshold={0.5}
    onLayout={[Function]}
    onMomentumScrollEnd={[Function]}
    onRefresh={[Function]}
    onScroll={[Function]}
    onScrollBeginDrag={[Function]}
    onScrollEndDrag={[Function]}
    refreshControl={
      <RefreshControlMock
        onRefresh={[Function]}
        refreshing={true}
      />
    }
    refreshing={true}
    removeClippedSubviews={false}
    renderItem={[Function]}
    scrollEventThrottle={50}
    stickyHeaderIndices={Array []}
    updateCellsBatchingPeriod={50}
    viewabilityConfigCallbackPairs={Array []}
    windowSize={21}
  >
    <RCTRefreshControl />
    <View />
  </RCTScrollView>
</View>
`;

exports[`Home snapshot 2`] = `
<View
  accessibilityIgnoresInvertColors={true}
  style={
    Array [
      Object {
        "height": "100%",
        "width": "100%",
      },
    ]
  }
>
  <Image
    source={
      Object {
        "testUri": "../../../src/statics/images/background.jpg",
      }
    }
    style={
      Array [
        Object {
          "bottom": 0,
          "left": 0,
          "position": "absolute",
          "right": 0,
          "top": 0,
        },
        Object {
          "height": undefined,
          "width": undefined,
        },
        undefined,
      ]
    }
  />
  <RCTScrollView
    data={Array []}
    disableVirtualization={false}
    getItem={[Function]}
    getItemCount={[Function]}
    horizontal={false}
    initialNumToRender={10}
    keyExtractor={[Function]}
    maxToRenderPerBatch={10}
    numColumns={2}
    onContentSizeChange={[Function]}
    onEndReached={[Function]}
    onEndReachedThreshold={0.5}
    onEndThreshold={0.5}
    onLayout={[Function]}
    onMomentumScrollEnd={[Function]}
    onRefresh={[Function]}
    onScroll={[Function]}
    onScrollBeginDrag={[Function]}
    onScrollEndDrag={[Function]}
    refreshControl={
      <RefreshControlMock
        onRefresh={[Function]}
        refreshing={true}
      />
    }
    refreshing={true}
    removeClippedSubviews={false}
    renderItem={[Function]}
    scrollEventThrottle={50}
    stickyHeaderIndices={Array []}
    updateCellsBatchingPeriod={50}
    viewabilityConfigCallbackPairs={Array []}
    windowSize={21}
  >
    <RCTRefreshControl />
    <View />
  </RCTScrollView>
</View>
`;
